// Jest Snapshot v1, https://goo.gl/fbAQLP

exports[`ArticleCard renders properly 1`] = `
.c2 a {
  color: #000;
  -webkit-text-decoration: none;
  text-decoration: none;
}

.c5 {
  margin: 10px 20px 0 0;
}

.c5::before {
  content: "";
  display: inline-block;
  width: 8px;
  height: 8px;
  border-radius: 50%;
  margin: 0 5px 1px 0;
  background-color: #000;
}

.c6 {
  margin: 5px 20px 0 0;
  white-space: nowrap;
}

.c4 {
  display: -webkit-box;
  display: -webkit-flex;
  display: -ms-flexbox;
  display: flex;
  -webkit-flex-wrap: wrap;
  -ms-flex-wrap: wrap;
  flex-wrap: wrap;
  -webkit-align-items: flex-end;
  -webkit-box-align: flex-end;
  -ms-flex-align: flex-end;
  align-items: flex-end;
  color: #000;
}

.c11 {
  width: 32px;
  height: 32px;
}

.c9 {
  width: 100%;
  height: 100%;
  object-fit: cover;
  object-position: center;
  -webkit-transition: opacity 0.15s;
  transition: opacity 0.15s;
  display: block;
}

.c7 {
  position: relative;
  height: inherit;
  background: white;
}

.c3 {
  border: 1px solid;
  border-radius: 2px;
  color: #000;
  cursor: pointer;
  -webkit-text-decoration: none;
  text-decoration: none;
  display: block;
}

.c3 .c8 {
  opacity: 1;
}

.c3:hover .c8 {
  opacity: 0.7;
}

.c10 {
  position: absolute;
  left: 20px;
  right: 20px;
  bottom: 20px;
}

.c10 svg {
  height: 40px;
}

.c0 {
  color: #000;
}

.c0 .c1 {
  font-family: Unica77LLWebRegular,Arial,serif;
  -webkit-font-smoothing: antialiased;
  font-size: 32px;
  line-height: 1.1em;
  width: 100%;
  margin-bottom: 40px;
}

.c0 .c1 a {
  border-bottom: 2px solid;
}

@media (max-width:900px) {
  .c10 svg {
    height: 30px;
  }
}

<div
  className="c0"
  color="#000"
>
  <div
    className="kkolQJ"
  >
    <div
      className="c1 c2 bOrPFB fqTdyi"
      color="#000"
      fontFamily={
        Object {
          "fontFamily": "Unica77LLWebMedium, 'Helvetica Neue', Helvetica, Arial, sans-serif",
          "fontWeight": 500,
        }
      }
      fontSize="14px"
    >
      More in 
      <span>
        Art Market
      </span>
    </div>
    <div
      className="hwlYcc"
      color="#000"
    >
      <div
        className="iBAmpz"
      >
        <a
          className="ArticleCard c3"
          color="#000"
          href="new-yorks-next-art-district"
          onClick={[Function]}
        >
          <div
            className="kXtlsF"
          >
            <div
              className="jiYvGF"
              width={
                Array [
                  "100%",
                  "100%",
                  "50%",
                  "50%",
                ]
              }
            >
              <div>
                <div
                  className="bOrPFB dmUTBA"
                  fontFamily="Unica77LLWebRegular, 'Helvetica Neue', Helvetica, Arial, sans-serif"
                  fontSize={
                    Array [
                      "28px",
                      "28px",
                      "42px",
                      "42px",
                    ]
                  }
                >
                  New York's Next Art District
                </div>
                <div
                  className="ibZhkv lhPpoe"
                  fontFamily="'Adobe Garamond W08', 'adobe-garamond-pro', 'AGaramondPro-Regular', 'Times New Roman', Times, serif"
                  fontSize={
                    Array [
                      "18px",
                      "18px",
                      "22px",
                      "22px",
                    ]
                  }
                >
                  Land exhibitions, make influential contacts, and gain valuable feedback about your work.
                </div>
              </div>
              <div
                className="Byline c4"
                color="#000"
              >
                <div
                  className="bOrPFB fXsUty"
                  fontFamily={
                    Object {
                      "fontFamily": "Unica77LLWebMedium, 'Helvetica Neue', Helvetica, Arial, sans-serif",
                      "fontWeight": 500,
                    }
                  }
                  fontSize="14px"
                >
                  <div
                    className="c5"
                    color="#000"
                  >
                    Casey Lesser
                  </div>
                </div>
                <div
                  className="c6"
                >
                  <div
                    className="bOrPFB fXsUty"
                    fontFamily={
                      Object {
                        "fontFamily": "Unica77LLWebMedium, 'Helvetica Neue', Helvetica, Arial, sans-serif",
                        "fontWeight": 500,
                      }
                    }
                    fontSize="14px"
                  >
                    May 19, 2017
                  </div>
                </div>
              </div>
            </div>
            <div
              className="c7 iqiPK"
              width={
                Array [
                  "100%",
                  "100%",
                  "50%",
                  "50%",
                ]
              }
            >
              <img
                className="c8 c9"
                src="https://d7hftxdivxxvm.cloudfront.net?resize_to=fill&src=https%3A%2F%2Fartsy-media-uploads.s3.amazonaws.com%2F7lsxxsw0qPAuKl37jEYitw%252Farticle%2Basset%2B1-hig%2Bres%2Bcopy.jpg&width=680&height=450&quality=95"
              />
            </div>
          </div>
        </a>
      </div>
      <div
        className="iBAmpz"
      >
        <a
          className="ArticleCard c3"
          color="#000"
          href="joanne-artman-gallery-poetry-naturerefinement-form"
          onClick={[Function]}
        >
          <div
            className="kXtlsF"
          >
            <div
              className="jiYvGF"
              width={
                Array [
                  "100%",
                  "100%",
                  "50%",
                  "50%",
                ]
              }
            >
              <div>
                <div
                  className="bOrPFB dmUTBA"
                  fontFamily="Unica77LLWebRegular, 'Helvetica Neue', Helvetica, Arial, sans-serif"
                  fontSize={
                    Array [
                      "28px",
                      "28px",
                      "42px",
                      "42px",
                    ]
                  }
                >
                  New Study Shows the Gender Pay Gap for Artists Is Not So Simple
                </div>
                <div
                  className="ibZhkv lhPpoe"
                  fontFamily="'Adobe Garamond W08', 'adobe-garamond-pro', 'AGaramondPro-Regular', 'Times New Roman', Times, serif"
                  fontSize={
                    Array [
                      "18px",
                      "18px",
                      "22px",
                      "22px",
                    ]
                  }
                >
                  The elegant spiral of the Nautilus shell, the sinuous pattern of the banks of a river, or the swirling vortex street of clouds - patterns exist.
                </div>
              </div>
              <div
                className="c6"
              >
                <div
                  className="bOrPFB fXsUty"
                  fontFamily={
                    Object {
                      "fontFamily": "Unica77LLWebMedium, 'Helvetica Neue', Helvetica, Arial, sans-serif",
                      "fontWeight": 500,
                    }
                  }
                  fontSize="14px"
                >
                  Aug 28, 2017
                </div>
              </div>
            </div>
            <div
              className="c7 iqiPK"
              width={
                Array [
                  "100%",
                  "100%",
                  "50%",
                  "50%",
                ]
              }
            >
              <img
                className="c8 c9"
                src="https://d7hftxdivxxvm.cloudfront.net?resize_to=fill&src=https%3A%2F%2Fartsy-media-uploads.s3.amazonaws.com%2FwHFgQlrTrHav5O6bQRJ0dg%252FUntitled%2BSuspended_30x67x33%2B%25282%2529_sm%2Bcropped.jpg&width=680&height=450&quality=95"
              />
              <div
                className="c10 ifRBhy"
              >
                <svg
                  className="c11"
                  version="1.1"
                  viewBox="0 0 40 56"
                  x="0px"
                  xmlns="http://www.w3.org/2000/svg"
                  y="0px"
                >
                  <g
                    fill="none"
                    fillRule="evenodd"
                    stroke="none"
                    strokeWidth="1"
                  >
                    <polygon
                      fill="#000"
                      points="0 0 0 56 39.3600006 28"
                    />
                  </g>
                </svg>
                <div
                  className="bOrPFB bZsSMq"
                  fontFamily={
                    Object {
                      "fontFamily": "Unica77LLWebMedium, 'Helvetica Neue', Helvetica, Arial, sans-serif",
                      "fontWeight": 500,
                    }
                  }
                  fontSize="14px"
                >
                  02:28
                </div>
              </div>
            </div>
          </div>
        </a>
      </div>
    </div>
  </div>
</div>
`;
