// Jest Snapshot v1, https://goo.gl/fbAQLP

exports[`Scrubber matches the snapshot 1`] = `
.c0 {
  width: 100%;
  background-size: 0% 100%;
}

<input
  className="c0"
  max="5000.0000"
  onChange={[Function]}
  onMouseDown={[Function]}
  onMouseUp={[Function]}
  step="any"
  type="range"
  value={0}
/>
`;
