// Jest Snapshot v1, https://goo.gl/fbAQLP

exports[`renders properly 1`] = `
<iframe
  className="sc-bdVaJa iEBSNG"
  frameBorder="0"
  height={1000}
  scrolling="no"
  src="http://files.artsy.net/documents/1parrasch.html"
/>
`;
