// Jest Snapshot v1, https://goo.gl/fbAQLP

exports[`renders properly 1`] = `
<div
  className="file__ImageCollectionContainer-v6w8a7-0 PVCNP"
>
  <div
    className="sc-htpNat eVVURc"
    width={undefined}
  >
    <div
      className="display-artwork"
    >
      <a
        className="file__ArtworkImageLink-s18l75pq-0 endEOY"
        href="/artwork/fernando-botero-nude-on-the-beach"
      >
        <img
          className="display-artwork__image file__BlockImage-s18l75pq-1 gGbNWt"
          height="auto"
          src="https://d32dm0rphc51dk.cloudfront.net/0aRUvnVgQKbQk5dj8xcCAg/larger.jpg"
          width="100%"
        />
      </a>
      <div
        className="display-artwork__caption sc-bdVaJa bLvhbP"
      >
        <div
          className="file__TruncatedLine-s1g06yg0-0 jLJrz"
        >
          <span
            className="artist-name"
          >
            <span
              className="name"
            >
              <a
                className="file__StyledTextLink-s18afosz-0 hOUyga"
                href="/artist/fernando-botero"
              >
                Fernando Botero
              </a>
            </span>
          </span>
          <span
            className="title"
          >
            <a
              className="file__StyledTextLink-s18afosz-0 hOUyga"
              href="/artwork/fernando-botero-nude-on-the-beach"
            >
              Nude on the Beach
            </a>
          </span>
          <span
            className="comma"
          >
            , 
          </span>
          <span
            className="date"
          >
            2000
          </span>
          <span
            className="comma"
          >
            , 
          </span>
          <a
            className="file__StyledTextLink-s18afosz-0 hOUyga"
            href="/partner/gary-nader"
          >
            Gary Nader
          </a>
        </div>
        <div
          className="file__ViewFullscreenLink-s1bkkgtk-0 gQyVOi"
        >
          View Fullscreen
        </div>
      </div>
    </div>
  </div>
  <div
    className="sc-htpNat eVVURc"
    width={undefined}
  >
    <div
      className="article-image"
    >
      <img
        className="file__BlockImage-s1425qn5-0 kMcghC"
        height="auto"
        src="https://artsy-media-uploads.s3.amazonaws.com/co8j2xq40ROMyBrJQm_4eQ%2FDafenOilPaintingVillage_AK03.jpg"
        width="100%"
      />
      <div
        className="file__CaptionContainer-s1v1u4ci-0 dtqUlU"
      >
        <div
          className="sc-bwzfXH gpZhql"
          dangerouslySetInnerHTML={
            Object {
              "__html": "<p>Photo by Adam Kuehl for Artsy.</p>",
            }
          }
        />
        <div
          className="file__ViewFullscreenLink-s1bkkgtk-0 gQyVOi"
        >
          View Fullscreen
        </div>
      </div>
    </div>
  </div>
  <div
    className="sc-htpNat fxbJzj"
    width={undefined}
  >
    <div
      className="article-image"
    >
      <img
        className="file__BlockImage-s1425qn5-0 kMcghC"
        height="auto"
        src="https://d32dm0rphc51dk.cloudfront.net/CpHY-DRr7KW0HGXLslCXHw/larger.jpg"
        width="100%"
      />
      <div
        className="file__CaptionContainer-s1v1u4ci-0 dtqUlU"
      >
        <div
          className="sc-bwzfXH gpZhql"
          dangerouslySetInnerHTML={
            Object {
              "__html": "<p>Photo by Adam Kuehl for Artsy. Image courtesy of the Guggenheim Museum.</p>",
            }
          }
        />
        <div
          className="file__ViewFullscreenLink-s1bkkgtk-0 gQyVOi"
        >
          View Fullscreen
        </div>
      </div>
    </div>
  </div>
</div>
`;
