// Jest Snapshot v1, https://goo.gl/fbAQLP

exports[`renders properly 1`] = `
<div
  className="file__VideoContainer-s5ax5tw-0 fTLvxj"
>
  <div
    className="sc-htpNat UgtSs"
    height={281.25}
    hidden={false}
    onClick={[Function]}
    src="https://artsy-media-uploads.s3.amazonaws.com/IB6epb5L_l0rm9btaDsY7Q%2F14183_MDP_Evening_240.jpg"
  >
    <div
      className="file__PlayButton-s5ax5tw-2 dFWWEK"
    >
      <div
        className="file__PlayButtonCaret-s5ax5tw-1 bWSLbp"
      />
    </div>
  </div>
  <iframe
    allowFullScreen={true}
    className="sc-bwzfXH bSAkii"
    frameBorder="0"
    height={281.25}
    src="https://www.youtube.com/embed/PXi7Kjlsz9A?title=0&portrait=0&badge=0&byline=0&showinfo=0&rel=0&controls=2&modestbranding=1&iv_load_policy=3&color=E5E5E5"
  />
  <div
    className="file__CaptionContainer-q52b23-0 ikvQHr"
  >
    <div
      className="sc-bdVaJa bGfehm"
      dangerouslySetInnerHTML={
        Object {
          "__html": "<p>What motivates patrons to fund artistsâ€™ wildest dreams?</p>",
        }
      }
    />
  </div>
</div>
`;
