// Jest Snapshot v1, https://goo.gl/fbAQLP

exports[`renders properly 1`] = `
.c5 {
  display: -webkit-box;
  display: -webkit-flex;
  display: -ms-flexbox;
  display: flex;
  -webkit-box-pack: justify;
  -webkit-justify-content: space-between;
  -ms-flex-pack: justify;
  justify-content: space-between;
  margin: 10px 0 10px 0;
}

.c6 {
  padding: 0;
  width: 100%;
  word-break: break-word;
}

.c6 > p,
.c6 p,
.c6 .public-DraftEditorPlaceholder-root {
  font-family: Unica77LLWebRegular , 'Arial', 'serif';
  -webkit-font-smoothing: antialiased;
  font-size: 14px;
  line-height: 1.4em;
  color: #999;
  margin: 0;
}

.c6 > a,
.c6 a {
  color: #999;
}

.c6 > a:hover,
.c6 a:hover {
  color: black;
}

.c4 {
  width: 100%;
  height: 281.25px;
}

.c0 {
  width: 100%;
  position: relative;
}

.c1 {
  display: -webkit-box;
  display: -webkit-flex;
  display: -ms-flexbox;
  display: flex;
  -webkit-box-pack: center;
  -webkit-justify-content: center;
  -ms-flex-pack: center;
  justify-content: center;
  -webkit-align-items: center;
  -webkit-box-align: center;
  -ms-flex-align: center;
  align-items: center;
  width: 100%;
  height: 281.25px;
  position: absolute;
  background: url(https://d7hftxdivxxvm.cloudfront.net?resize_to=width&src=https%3A%2F%2Fartsy-media-uploads.s3.amazonaws.com%2FIB6epb5L_l0rm9btaDsY7Q%252F14183_MDP_Evening_240.jpg&width=1200&quality=95) no-repeat center center;
  background-size: cover;
}

.c3 {
  color: black;
  border-top: 20px solid transparent;
  border-bottom: 20px solid transparent;
  border-left: 30px solid black;
}

.c2 {
  background: white;
  width: 70px;
  height: 70px;
  display: -webkit-box;
  display: -webkit-flex;
  display: -ms-flexbox;
  display: flex;
  -webkit-box-pack: center;
  -webkit-justify-content: center;
  -ms-flex-pack: center;
  justify-content: center;
  -webkit-align-items: center;
  -webkit-box-align: center;
  -ms-flex-align: center;
  align-items: center;
  z-index: 2;
  cursor: pointer;
  border: 0;
  outline: 0;
}

@media (max-width:600px) {
  .c5 {
    padding: 0px 10px;
  }
}

@media (max-width:600px) {
  .c6 {
    padding: 0px;
  }
}

<div
  className="VideoContainer__StyledComponent c0"
>
  .c0 {
  display: -webkit-box;
  display: -webkit-flex;
  display: -ms-flexbox;
  display: flex;
  -webkit-box-pack: center;
  -webkit-justify-content: center;
  -ms-flex-pack: center;
  justify-content: center;
  -webkit-align-items: center;
  -webkit-box-align: center;
  -ms-flex-align: center;
  align-items: center;
  width: 100%;
  height: 281.25px;
  position: absolute;
  background: url(https://d7hftxdivxxvm.cloudfront.net?resize_to=width&src=https%3A%2F%2Fartsy-media-uploads.s3.amazonaws.com%2FIB6epb5L_l0rm9btaDsY7Q%252F14183_MDP_Evening_240.jpg&width=1200&quality=95) no-repeat center center;
  background-size: cover;
}

.c2 {
  color: black;
  border-top: 20px solid transparent;
  border-bottom: 20px solid transparent;
  border-left: 30px solid black;
}

.c1 {
  background: white;
  width: 70px;
  height: 70px;
  display: -webkit-box;
  display: -webkit-flex;
  display: -ms-flexbox;
  display: flex;
  -webkit-box-pack: center;
  -webkit-justify-content: center;
  -ms-flex-pack: center;
  justify-content: center;
  -webkit-align-items: center;
  -webkit-box-align: center;
  -ms-flex-align: center;
  align-items: center;
  z-index: 2;
  cursor: pointer;
  border: 0;
  outline: 0;
}

<div
    className="c0"
    height={281.25}
    hidden={false}
    onClick={[Function]}
    src="https://d7hftxdivxxvm.cloudfront.net?resize_to=width&src=https%3A%2F%2Fartsy-media-uploads.s3.amazonaws.com%2FIB6epb5L_l0rm9btaDsY7Q%252F14183_MDP_Evening_240.jpg&width=1200&quality=95"
  >
    .c1 {
  color: black;
  border-top: 20px solid transparent;
  border-bottom: 20px solid transparent;
  border-left: 30px solid black;
}

.c0 {
  background: white;
  width: 70px;
  height: 70px;
  display: -webkit-box;
  display: -webkit-flex;
  display: -ms-flexbox;
  display: flex;
  -webkit-box-pack: center;
  -webkit-justify-content: center;
  -ms-flex-pack: center;
  justify-content: center;
  -webkit-align-items: center;
  -webkit-box-align: center;
  -ms-flex-align: center;
  align-items: center;
  z-index: 2;
  cursor: pointer;
  border: 0;
  outline: 0;
}

<div
      className="c0"
    >
      .c0 {
  color: black;
  border-top: 20px solid transparent;
  border-bottom: 20px solid transparent;
  border-left: 30px solid black;
}

<div
        className="c0"
      />
    </div>
  </div>
  .c0 {
  width: 100%;
  height: 281.25px;
}

<iframe
    allowFullScreen={true}
    className="c0"
    frameBorder="0"
    height={281.25}
    src="https://www.youtube.com/embed/PXi7Kjlsz9A?title=0&portrait=0&badge=0&byline=0&showinfo=0&rel=0&controls=2&modestbranding=1&iv_load_policy=3&color=E5E5E5"
  />
  .c0 {
  display: -webkit-box;
  display: -webkit-flex;
  display: -ms-flexbox;
  display: flex;
  -webkit-box-pack: justify;
  -webkit-justify-content: space-between;
  -ms-flex-pack: justify;
  justify-content: space-between;
  margin: 10px 0 10px 0;
}

.c1 {
  padding: 0;
  width: 100%;
  word-break: break-word;
}

.c1 > p,
.c1 p,
.c1 .public-DraftEditorPlaceholder-root {
  font-family: Unica77LLWebRegular , 'Arial', 'serif';
  -webkit-font-smoothing: antialiased;
  font-size: 14px;
  line-height: 1.4em;
  color: #999;
  margin: 0;
}

.c1 > a,
.c1 a {
  color: #999;
}

.c1 > a:hover,
.c1 a:hover {
  color: black;
}

@media (max-width:600px) {
  .c0 {
    padding: 0px 10px;
  }
}

@media (max-width:600px) {
  .c1 {
    padding: 0px;
  }
}

<div
    className="c0"
  >
    .c0 {
  padding: 0;
  width: 100%;
  word-break: break-word;
}

.c0 > p,
.c0 p,
.c0 .public-DraftEditorPlaceholder-root {
  font-family: Unica77LLWebRegular , 'Arial', 'serif';
  -webkit-font-smoothing: antialiased;
  font-size: 14px;
  line-height: 1.4em;
  color: #999;
  margin: 0;
}

.c0 > a,
.c0 a {
  color: #999;
}

.c0 > a:hover,
.c0 a:hover {
  color: black;
}

@media (max-width:600px) {
  .c0 {
    padding: 0px;
  }
}

<div
      className="c0"
    >
      <div
        dangerouslySetInnerHTML={
          Object {
            "__html": "<p>What motivates patrons to fund artistsâ€™ wildest dreams?</p>",
          }
        }
      />
    </div>
  </div>
</div>
`;
