// Jest Snapshot v1, https://goo.gl/fbAQLP

exports[`renders the display panel 1`] = `
.c0 {
  display: -webkit-box;
  display: -webkit-flex;
  display: -ms-flexbox;
  display: flex;
  -webkit-flex-direction: column;
  -ms-flex-direction: column;
  flex-direction: column;
  border: 1px solid #e5e5e5;
  padding: 20px;
  width: 360px;
}

.c1 {
  display: block;
  margin-bottom: 15px;
  height: 142px;
  object-fit: cover;
}

.c2 {
  font-family: Unica77LLWebMedium ,      'Arial',      'serif';
  -webkit-font-smoothing: antialiased;
  font-size: 16px;
  line-height: 1.1em;
  line-height: 1.23em;
  margin-bottom: 3px;
}

.c3 {
  font-family: 'Adobe Garamond W08',  'adobe-garamond-pro',  'AGaramondPro-Regular',  'Times New Roman',  'Times',  'serif';
  -webkit-font-smoothing: antialiased;
  font-size: 15px;
  line-height: 1.25em;
  line-height: 1.53em;
  margin-bottom: 30px;
}

.c3 a {
  color: black;
}

.c4 {
  font-family: 'ITC Avant Garde Gothic W04',  'AvantGardeGothicITCW01D 731075',  'AvantGardeGothicITCW01Dm',  'Helvetica',  'sans-serif';
  -webkit-font-smoothing: antialiased;
  -webkit-text-transform: uppercase;
  text-transform: uppercase;
  -webkit-letter-spacing: 1px;
  -moz-letter-spacing: 1px;
  -ms-letter-spacing: 1px;
  letter-spacing: 1px;
  font-size: 11px;
  line-height: 1.65em;
  -webkit-letter-spacing: 1px;
  -moz-letter-spacing: 1px;
  -ms-letter-spacing: 1px;
  letter-spacing: 1px;
  color: #e5e5e5;
}

<div
  className="c0"
>
  <img
    className="c1"
    src="https://artsy-media-uploads.s3.amazonaws.com/YqTtwB7AWqKD95NGItwjJg%2FRachel_Rossin_portrait_2.jpg"
  />
  <div
    className="c2"
  >
    Euismod Inceptos Quam
  </div>
  <div
    className="c3"
    dangerouslySetInnerHTML={
      Object {
        "__html": "Donec sed odio dui. Cras justo odio, dapibus ac facilisis in, egestas eget quam. <a href='/'>Example Link</a>",
      }
    }
  />
  <div
    className="c4"
  >
    Sponsored by Artsy
  </div>
</div>
`;
