// Jest Snapshot v1, https://goo.gl/fbAQLP

exports[`snapshot renders the new canvas in standard layout 1`] = `
.c0 {
  display: -webkit-box;
  display: -webkit-flex;
  display: -ms-flexbox;
  display: flex;
  -webkit-flex-direction: column;
  -ms-flex-direction: column;
  flex-direction: column;
  padding-bottom: 4px;
  padding-top: 8px;
  margin: 0 auto;
  border-top: none;
  background: #F8F8F8;
  text-align: center;
}

<div
  className="c0"
>
  <div
    className="sc-bdVaJa fdqRED"
  >
    <div
      style={
        Object {
          "height": 250,
          "width": 300,
        }
      }
    />
    <div
      className="sc-bxivhb bUZGRr sc-htpNat jritVp"
      color="black30"
      fontFamily="Unica77LLWebRegular, 'Helvetica Neue', Helvetica, Arial, sans-serif"
      fontSize="10px"
    >
      Advertisement
    </div>
  </div>
</div>
`;
