// Jest Snapshot v1, https://goo.gl/fbAQLP

exports[`Date Snapshots renders a condensed date 1`] = `
.c1 {
  font-family: Unica77LLWebMedium;
  font-size: 12px;
  line-height: 16px;
}

.c0 {
  margin: 5px 20px 0 0;
  white-space: nowrap;
}

<div
  className="c0"
>
  <div
    className="c1"
    fontFamily="Unica77LLWebMedium"
    fontSize={12}
  >
    May 19, 2017
  </div>
</div>
`;

exports[`Date Snapshots renders a date 1`] = `
.c1 {
  font-family: Unica77LLWebMedium;
  font-size: 14px;
  line-height: 20px;
}

.c0 {
  margin: 5px 20px 0 0;
  white-space: nowrap;
}

<div
  className="c0"
>
  <div
    className="c1"
    fontFamily="Unica77LLWebMedium"
    fontSize={14}
  >
    May 19, 2017 9:09 am
  </div>
</div>
`;
