// Jest Snapshot v1, https://goo.gl/fbAQLP

exports[`renders properly 1`] = `
<div
  className="file__FullscreenViewerContainer-s1adxe1n-0 dpQpeR"
>
  <div>
    <div>
      <div
        className="file__SlideContainer-s12qvrc9-0 dbCrtu"
      >
        <div
          className="file__Title-s12qvrc9-2 yQTKs"
        />
        <div
          className="file__Image-s12qvrc9-1 gIalgO"
          src="https://d32dm0rphc51dk.cloudfront.net/0aRUvnVgQKbQk5dj8xcCAg/larger.jpg"
        />
        <div
          className="file__CaptionContainer-s1koc55t-2 bWybux"
        >
          <div
            className="file__CaptionTextContainer-s1koc55t-3 eXwGWE"
          >
            <div
              className="file__StyledCaptionToggle-s1koc55t-0 jiJlYL"
              onClick={[Function]}
            >
              <span>
                View Caption
              </span>
            </div>
            <div
              className="sc-bxivhb jIhHWs"
              open={false}
            >
              <div
                className="sc-htpNat dqiQen"
              >
                <div
                  className="artist-name file__Line-s7zcrfi-1 jFJBbs"
                >
                  <span
                    className="name"
                  >
                    <a
                      className="file__StyledTextLink-s18afosz-0 hOUyga"
                      href="/artist/fernando-botero"
                    >
                      Fernando Botero
                    </a>
                  </span>
                </div>
                <div
                  className="file__Line-s7zcrfi-1 jFJBbs"
                >
                  <span
                    className="title"
                  >
                    <a
                      className="file__StyledTextLink-s18afosz-0 hOUyga"
                      href="/artwork/fernando-botero-nude-on-the-beach"
                    >
                      Nude on the Beach
                    </a>
                  </span>
                  <span
                    className="comma"
                  >
                    , 
                  </span>
                  <span
                    className="date"
                  >
                    2000
                  </span>
                  <span
                    className="comma"
                  >
                    , 
                  </span>
                  <a
                    className="file__StyledTextLink-s18afosz-0 hOUyga"
                    href="/partner/gary-nader"
                  >
                    Gary Nader
                  </a>
                </div>
              </div>
            </div>
          </div>
          <div
            className="file__Index-s1koc55t-1 gCANWd"
          >
            1 of 3
          </div>
        </div>
      </div>
    </div>
    <div>
      <div
        className="file__SlideContainer-s12qvrc9-0 dbCrtu"
      >
        <div
          className="file__Title-s12qvrc9-2 yQTKs"
        />
        <div
          className="file__Image-s12qvrc9-1 hTUeaS"
          src="https://artsy-media-uploads.s3.amazonaws.com/co8j2xq40ROMyBrJQm_4eQ%2FDafenOilPaintingVillage_AK03.jpg"
        />
        <div
          className="file__CaptionContainer-s1koc55t-2 bWybux"
        >
          <div
            className="file__CaptionTextContainer-s1koc55t-3 eXwGWE"
          >
            <div
              className="file__StyledCaptionToggle-s1koc55t-0 jiJlYL"
              onClick={[Function]}
            >
              <span>
                View Caption
              </span>
            </div>
            <div
              className="sc-bxivhb jIhHWs"
              open={false}
            >
              <div
                dangerouslySetInnerHTML={
                  Object {
                    "__html": "<p>Photo by Adam Kuehl for Artsy.</p>",
                  }
                }
              />
            </div>
          </div>
          <div
            className="file__Index-s1koc55t-1 gCANWd"
          >
            2 of 3
          </div>
        </div>
      </div>
    </div>
    <div>
      <div
        className="file__SlideContainer-s12qvrc9-0 dbCrtu"
      >
        <div
          className="file__Title-s12qvrc9-2 yQTKs"
        />
        <div
          className="file__Image-s12qvrc9-1 Knxds"
          src="https://d32dm0rphc51dk.cloudfront.net/CpHY-DRr7KW0HGXLslCXHw/larger.jpg"
        />
        <div
          className="file__CaptionContainer-s1koc55t-2 bWybux"
        >
          <div
            className="file__CaptionTextContainer-s1koc55t-3 eXwGWE"
          >
            <div
              className="file__StyledCaptionToggle-s1koc55t-0 jiJlYL"
              onClick={[Function]}
            >
              <span>
                View Caption
              </span>
            </div>
            <div
              className="sc-bxivhb jIhHWs"
              open={false}
            >
              <div
                dangerouslySetInnerHTML={
                  Object {
                    "__html": "<p>Photo by Adam Kuehl for Artsy. Image courtesy of the Guggenheim Museum.</p>",
                  }
                }
              />
            </div>
          </div>
          <div
            className="file__Index-s1koc55t-1 gCANWd"
          >
            3 of 3
          </div>
        </div>
      </div>
    </div>
  </div>
  <div
    className="file__Close-s1adxe1n-1 eKSoES"
    onClick={[Function]}
  >
    <div
      className="file-s1ekx40u-0 drQqZd"
      style={undefined}
    >
      î˜”
    </div>
  </div>
</div>
`;
