// Jest Snapshot v1, https://goo.gl/fbAQLP

exports[`renders a series about properly 1`] = `
.c4 {
  position: relative;
  width: 100%;
}

.c4 a {
  color: black;
  text-decoration: none;
  position: relative;
  background-image: linear-gradient(to bottom,transparent 0,#333 1px,transparent 0);
  background-size: 1.25px 4px;
  background-repeat: repeat-x;
  background-position: bottom;
}

.c4 a:hover {
  color: #999;
}

.c4 p,
.c4 ul,
.c4 ol {
  font-family: 'Adobe Garamond W08', 'adobe-garamond-pro', 'AGaramondPro-Regular', 'Times New Roman', 'Times', 'serif';
  -webkit-font-smoothing: antialiased;
  font-size: 23px;
  line-height: 1.5em;
  padding-top: 1em;
  padding-bottom: 1em;
  margin: 0;
  font-style: inherit;
}

.c4 p:first-child {
  padding-top: 0;
}

.c4 p:last-child {
  padding-bottom: 0;
}

.c4 ul,
.c4 ol {
  padding-left: 1em;
}

.c4 li {
  font-family: 'Adobe Garamond W08', 'adobe-garamond-pro', 'AGaramondPro-Regular', 'Times New Roman', 'Times', 'serif';
  -webkit-font-smoothing: antialiased;
  font-size: 23px;
  line-height: 1.5em;
  padding-top: .5em;
  padding-bottom: .5em;
}

.c4 h1 {
  font-family: Unica77LLWebRegular , 'Arial', 'serif';
  -webkit-font-smoothing: antialiased;
  font-size: 40px;
  line-height: 1.1em;
  font-weight: normal;
  padding-top: 107px;
  padding-bottom: 46px;
  margin: 0;
  position: relative;
  text-align: center;
}

.c4 h1:before {
  content: "";
  width: 15px;
  height: 15px;
  background: black;
  border-radius: 50%;
  position: absolute;
  top: 69px;
  right: calc(50% - 7.5px);
}

.c4 h2 {
  font-family: Unica77LLWebRegular , 'Arial', 'serif';
  -webkit-font-smoothing: antialiased;
  font-size: 32px;
  line-height: 1.1em;
  font-weight: normal;
  margin: 0;
}

.c4 h2 a {
  background-size: 1.25px 1px;
}

.c4 h3 {
  font-family: Unica77LLWebRegular , 'Arial', 'serif';
  -webkit-font-smoothing: antialiased;
  font-size: 19px;
  line-height: 1.5em;
  font-weight: normal;
  padding-top: 23px;
  margin: 0;
}

.c4 h3 strong {
  font-weight: normal;
  font-family: Unica77LLWebMedium , 'Arial', 'serif';
  -webkit-font-smoothing: antialiased;
  font-size: 19px;
  line-height: 1.5em;
}

.c4 h3 a {
  background-size: 1.25px 1px;
}

.c4 blockquote {
  font-family: 'Adobe Garamond W08', 'adobe-garamond-pro', 'AGaramondPro-Regular', 'Times New Roman', 'Times', 'serif';
  -webkit-font-smoothing: antialiased;
  font-size: 40px;
  line-height: 1.1em;
  text-align: left;
  font-weight: normal;
  padding-top: 46px;
  padding-bottom: 46px;
  margin: 0;
  word-break: break-word;
}

.c4 .content-end {
  display: inline-block;
  content: "";
  width: 12px;
  height: 12px;
  background: black;
  border-radius: 50%;
  margin-left: 12px;
}

.c4 .artist-follow {
  vertical-align: middle;
  margin-left: 10px;
  cursor: pointer;
  background: none transparent;
}

.c4 .artist-follow:before {
  font-family: "artsy-icons";
  content: "î˜©";
  vertical-align: -8.5px;
  line-height: 32px;
  font-size: 32px;
}

.c4 .artist-follow:after {
  content: "Follow";
  font-family: 'Adobe Garamond W08', 'adobe-garamond-pro', 'AGaramondPro-Regular', 'Times New Roman', 'Times', 'serif';
  -webkit-font-smoothing: antialiased;
  font-size: 17px;
  line-height: 1.1em;
  text-transform: none;
}

.c0 {
  color: black;
  display: -webkit-box;
  display: -webkit-flex;
  display: -ms-flexbox;
  display: flex;
  -webkit-box-pack: justify;
  -webkit-justify-content: space-between;
  -ms-flex-pack: justify;
  justify-content: space-between;
}

.c1 {
  width: 30%;
  display: -webkit-box;
  display: -webkit-flex;
  display: -ms-flexbox;
  display: flex;
  -webkit-box-pack: justify;
  -webkit-justify-content: space-between;
  -ms-flex-pack: justify;
  justify-content: space-between;
  -webkit-flex-direction: column;
  -ms-flex-direction: column;
  flex-direction: column;
}

.c3 {
  width: 60%;
}

.c3 .file__PartnerBlockContainer-s8dqalt-0 {
  display: none;
}

.c2 {
  font-family: Unica77LLWebMedium , 'Arial', 'serif';
  -webkit-font-smoothing: antialiased;
  font-size: 32px;
  line-height: 1.1em;
}

@media (max-width:600px) {
  .c4 p,
  .c4 ul,
  .c4 ol {
    font-family: 'Adobe Garamond W08', 'adobe-garamond-pro', 'AGaramondPro-Regular', 'Times New Roman', 'Times', 'serif';
    -webkit-font-smoothing: antialiased;
    font-size: 19px;
    line-height: 1.5em;
  }

  .c4 li {
    font-family: 'Adobe Garamond W08', 'adobe-garamond-pro', 'AGaramondPro-Regular', 'Times New Roman', 'Times', 'serif';
    -webkit-font-smoothing: antialiased;
    font-size: 19px;
    line-height: 1.5em;
  }

  .c4 h1 {
    font-family: Unica77LLWebRegular , 'Arial', 'serif';
    -webkit-font-smoothing: antialiased;
    font-size: 34px;
    line-height: 1.1em;
  }

  .c4 h2 {
    font-family: Unica77LLWebRegular , 'Arial', 'serif';
    -webkit-font-smoothing: antialiased;
    font-size: 32px;
    line-height: 1.1em;
  }

  .c4 h3 {
    font-family: Unica77LLWebRegular , 'Arial', 'serif';
    -webkit-font-smoothing: antialiased;
    font-size: 16px;
    line-height: 1.1em;
    line-height: 1.5em;
  }

  .c4 h3 strong {
    font-family: Unica77LLWebMedium , 'Arial', 'serif';
    -webkit-font-smoothing: antialiased;
    font-size: 16px;
    line-height: 1.1em;
  }

  .c4 blockquote {
    font-family: 'Adobe Garamond W08', 'adobe-garamond-pro', 'AGaramondPro-Regular', 'Times New Roman', 'Times', 'serif';
    -webkit-font-smoothing: antialiased;
    font-size: 34px;
    line-height: 1.1em;
  }

  .c4 .content-start {
    font-size: 55px;
  }
}

@media (max-width:900px) {
  .c0 {
    display: block;
  }
}

@media (max-width:900px) {
  .c1 {
    width: 100%;
  }

  .c1 .file__PartnerBlockContainer-s8dqalt-0 {
    margin-top: 60px;
    display: none;
  }
}

@media (max-width:900px) {
  .c3 {
    width: 100%;
  }

  .c3 .file__PartnerBlockContainer-s8dqalt-0 {
    margin-top: 60px;
    display: block;
  }
}

@media (max-width:900px) {
  .c2 {
    margin-bottom: 20px;
  }
}

<div
  className="SeriesAbout c0"
  color="black"
>
  <div
    className="c1"
  >
    <div
      className="c2"
    >
      About the Series
    </div>
  </div>
  <div
    className="c3"
  >
    <div
      className="article__text-section c4"
    >
      <div
        dangerouslySetInnerHTML={
          Object {
            "__html": "<p>Integer posuere erat a ante venenatis dapibus posuere velit aliquet. Curabitur blandit tempus porttitor. Donec ullamcorper nulla non metus auctor fringilla. Donec ullamcorper nulla non metus auctor fringilla. Vivamus sagittis lacus vel augue laoreet rutrum faucibus dolor auctor. Maecenas faucibus mollis interdum. Lorem ipsum dolor sit amet, consectetur adipiscing elit.</p><p>Duis mollis, est non commodo luctus, nisi erat porttitor ligula, eget lacinia odio sem nec elit. Curabitur blandit tempus porttitor. Sed posuere consectetur est at lobortis. Praesent commodo cursus magna, vel scelerisque nisl consectetur et. Nullam quis risus eget urna mollis ornare vel eu leo.</p><p>Donec sed odio dui. Vivamus sagittis lacus vel augue laoreet rutrum faucibus dolor auctor. Nullam quis risus eget urna mollis ornare vel eu leo. Nulla vitae elit libero, a pharetra augue.</p>",
          }
        }
      />
    </div>
  </div>
</div>
`;

exports[`renders a sponsored series about properly 1`] = `
.c4 img {
  max-width: 220px;
  padding-top: 20px;
}

.c5 {
  font-family: Unica77LLWebMedium , 'Arial', 'serif';
  -webkit-font-smoothing: antialiased;
  font-size: 16px;
  line-height: 1.1em;
}

.c7 {
  position: relative;
  width: 100%;
}

.c7 a {
  color: black;
  text-decoration: none;
  position: relative;
  background-image: linear-gradient(to bottom,transparent 0,#333 1px,transparent 0);
  background-size: 1.25px 4px;
  background-repeat: repeat-x;
  background-position: bottom;
}

.c7 a:hover {
  color: #999;
}

.c7 p,
.c7 ul,
.c7 ol {
  font-family: 'Adobe Garamond W08', 'adobe-garamond-pro', 'AGaramondPro-Regular', 'Times New Roman', 'Times', 'serif';
  -webkit-font-smoothing: antialiased;
  font-size: 23px;
  line-height: 1.5em;
  padding-top: 1em;
  padding-bottom: 1em;
  margin: 0;
  font-style: inherit;
}

.c7 p:first-child {
  padding-top: 0;
}

.c7 p:last-child {
  padding-bottom: 0;
}

.c7 ul,
.c7 ol {
  padding-left: 1em;
}

.c7 li {
  font-family: 'Adobe Garamond W08', 'adobe-garamond-pro', 'AGaramondPro-Regular', 'Times New Roman', 'Times', 'serif';
  -webkit-font-smoothing: antialiased;
  font-size: 23px;
  line-height: 1.5em;
  padding-top: .5em;
  padding-bottom: .5em;
}

.c7 h1 {
  font-family: Unica77LLWebRegular , 'Arial', 'serif';
  -webkit-font-smoothing: antialiased;
  font-size: 40px;
  line-height: 1.1em;
  font-weight: normal;
  padding-top: 107px;
  padding-bottom: 46px;
  margin: 0;
  position: relative;
  text-align: center;
}

.c7 h1:before {
  content: "";
  width: 15px;
  height: 15px;
  background: black;
  border-radius: 50%;
  position: absolute;
  top: 69px;
  right: calc(50% - 7.5px);
}

.c7 h2 {
  font-family: Unica77LLWebRegular , 'Arial', 'serif';
  -webkit-font-smoothing: antialiased;
  font-size: 32px;
  line-height: 1.1em;
  font-weight: normal;
  margin: 0;
}

.c7 h2 a {
  background-size: 1.25px 1px;
}

.c7 h3 {
  font-family: Unica77LLWebRegular , 'Arial', 'serif';
  -webkit-font-smoothing: antialiased;
  font-size: 19px;
  line-height: 1.5em;
  font-weight: normal;
  padding-top: 23px;
  margin: 0;
}

.c7 h3 strong {
  font-weight: normal;
  font-family: Unica77LLWebMedium , 'Arial', 'serif';
  -webkit-font-smoothing: antialiased;
  font-size: 19px;
  line-height: 1.5em;
}

.c7 h3 a {
  background-size: 1.25px 1px;
}

.c7 blockquote {
  font-family: 'Adobe Garamond W08', 'adobe-garamond-pro', 'AGaramondPro-Regular', 'Times New Roman', 'Times', 'serif';
  -webkit-font-smoothing: antialiased;
  font-size: 40px;
  line-height: 1.1em;
  text-align: left;
  font-weight: normal;
  padding-top: 46px;
  padding-bottom: 46px;
  margin: 0;
  word-break: break-word;
}

.c7 .content-end {
  display: inline-block;
  content: "";
  width: 12px;
  height: 12px;
  background: black;
  border-radius: 50%;
  margin-left: 12px;
}

.c7 .artist-follow {
  vertical-align: middle;
  margin-left: 10px;
  cursor: pointer;
  background: none transparent;
}

.c7 .artist-follow:before {
  font-family: "artsy-icons";
  content: "î˜©";
  vertical-align: -8.5px;
  line-height: 32px;
  font-size: 32px;
}

.c7 .artist-follow:after {
  content: "Follow";
  font-family: 'Adobe Garamond W08', 'adobe-garamond-pro', 'AGaramondPro-Regular', 'Times New Roman', 'Times', 'serif';
  -webkit-font-smoothing: antialiased;
  font-size: 17px;
  line-height: 1.1em;
  text-transform: none;
}

.c0 {
  color: black;
  display: -webkit-box;
  display: -webkit-flex;
  display: -ms-flexbox;
  display: flex;
  -webkit-box-pack: justify;
  -webkit-justify-content: space-between;
  -ms-flex-pack: justify;
  justify-content: space-between;
}

.c1 {
  width: 30%;
  display: -webkit-box;
  display: -webkit-flex;
  display: -ms-flexbox;
  display: flex;
  -webkit-box-pack: justify;
  -webkit-justify-content: space-between;
  -ms-flex-pack: justify;
  justify-content: space-between;
  -webkit-flex-direction: column;
  -ms-flex-direction: column;
  flex-direction: column;
}

.c6 {
  width: 60%;
}

.c6 .c3 {
  display: none;
}

.c2 {
  font-family: Unica77LLWebMedium , 'Arial', 'serif';
  -webkit-font-smoothing: antialiased;
  font-size: 32px;
  line-height: 1.1em;
}

@media (max-width:720px) {
  .c4 img {
    max-width: 195px;
  }
}

@media (max-width:720px) {
  .c5 {
    font-family: Unica77LLWebMedium , 'Arial', 'serif';
    -webkit-font-smoothing: antialiased;
    font-size: 14px;
    line-height: 1.4em;
  }
}

@media (max-width:600px) {
  .c7 p,
  .c7 ul,
  .c7 ol {
    font-family: 'Adobe Garamond W08', 'adobe-garamond-pro', 'AGaramondPro-Regular', 'Times New Roman', 'Times', 'serif';
    -webkit-font-smoothing: antialiased;
    font-size: 19px;
    line-height: 1.5em;
  }

  .c7 li {
    font-family: 'Adobe Garamond W08', 'adobe-garamond-pro', 'AGaramondPro-Regular', 'Times New Roman', 'Times', 'serif';
    -webkit-font-smoothing: antialiased;
    font-size: 19px;
    line-height: 1.5em;
  }

  .c7 h1 {
    font-family: Unica77LLWebRegular , 'Arial', 'serif';
    -webkit-font-smoothing: antialiased;
    font-size: 34px;
    line-height: 1.1em;
  }

  .c7 h2 {
    font-family: Unica77LLWebRegular , 'Arial', 'serif';
    -webkit-font-smoothing: antialiased;
    font-size: 32px;
    line-height: 1.1em;
  }

  .c7 h3 {
    font-family: Unica77LLWebRegular , 'Arial', 'serif';
    -webkit-font-smoothing: antialiased;
    font-size: 16px;
    line-height: 1.1em;
    line-height: 1.5em;
  }

  .c7 h3 strong {
    font-family: Unica77LLWebMedium , 'Arial', 'serif';
    -webkit-font-smoothing: antialiased;
    font-size: 16px;
    line-height: 1.1em;
  }

  .c7 blockquote {
    font-family: 'Adobe Garamond W08', 'adobe-garamond-pro', 'AGaramondPro-Regular', 'Times New Roman', 'Times', 'serif';
    -webkit-font-smoothing: antialiased;
    font-size: 34px;
    line-height: 1.1em;
  }

  .c7 .content-start {
    font-size: 55px;
  }
}

@media (max-width:900px) {
  .c0 {
    display: block;
  }
}

@media (max-width:900px) {
  .c1 {
    width: 100%;
  }

  .c1 .c3 {
    margin-top: 60px;
    display: none;
  }
}

@media (max-width:900px) {
  .c6 {
    width: 100%;
  }

  .c6 .c3 {
    margin-top: 60px;
    display: block;
  }
}

@media (max-width:900px) {
  .c2 {
    margin-bottom: 20px;
  }
}

<div
  className="SeriesAbout c0"
  color="black"
>
  <div
    className="c1"
  >
    <div
      className="c2"
    >
      About the Series
    </div>
    <div
      className="PartnerBlock c3 c4"
    >
      <div
        className="c5"
      >
        Presented In Partnership With
      </div>
      <a
        href="http://artsy.net"
        onClick={[Function]}
        target="_blank"
      >
        <img
          src="https://artsy-media-uploads.s3.amazonaws.com/eZqsrnodcIlyyJzmRqLm4A%2FBombay_Sapphire_logo.png"
        />
      </a>
    </div>
  </div>
  <div
    className="c6"
  >
    <div
      className="article__text-section c7"
    >
      <div
        dangerouslySetInnerHTML={
          Object {
            "__html": "<p>Integer posuere erat a ante venenatis dapibus posuere velit aliquet. Curabitur blandit tempus porttitor. Donec ullamcorper nulla non metus auctor fringilla. Donec ullamcorper nulla non metus auctor fringilla. Vivamus sagittis lacus vel augue laoreet rutrum faucibus dolor auctor. Maecenas faucibus mollis interdum. Lorem ipsum dolor sit amet, consectetur adipiscing elit.</p><p>Duis mollis, est non commodo luctus, nisi erat porttitor ligula, eget lacinia odio sem nec elit. Curabitur blandit tempus porttitor. Sed posuere consectetur est at lobortis. Praesent commodo cursus magna, vel scelerisque nisl consectetur et. Nullam quis risus eget urna mollis ornare vel eu leo.</p><p>Donec sed odio dui. Vivamus sagittis lacus vel augue laoreet rutrum faucibus dolor auctor. Nullam quis risus eget urna mollis ornare vel eu leo. Nulla vitae elit libero, a pharetra augue.</p>",
          }
        }
      />
    </div>
    <div
      className="PartnerBlock c3 c4"
    >
      <div
        className="c5"
      >
        Presented In Partnership With
      </div>
      <a
        href="http://artsy.net"
        onClick={[Function]}
        target="_blank"
      >
        <img
          src="https://artsy-media-uploads.s3.amazonaws.com/eZqsrnodcIlyyJzmRqLm4A%2FBombay_Sapphire_logo.png"
        />
      </a>
    </div>
  </div>
</div>
`;
