// Jest Snapshot v1, https://goo.gl/fbAQLP

exports[`MarketInsights snapshots renders correctly 1`] = `
.c6 {
  font-family: 'Adobe Garamond W08','adobe-garamond-pro','AGaramondPro-Regular','Times New Roman',Times,serif;
  font-size: 15px;
  line-height: 1.25em;
  -webkit-font-smoothing: antialiased;
  color: #666666;
  -webkit-text-decoration: underline;
  text-decoration: underline;
}

.c3 {
  font-family: Unica77LLWebRegular,Arial,serif;
  -webkit-font-smoothing: antialiased;
  font-size: 12px;
  line-height: 1.4em;
  display: inline-block;
  position: relative;
  cursor: help;
  margin: 0 0.5em;
  width: 14px;
  height: 14px;
  margin-bottom: -2px;
}

.c3::before {
  display: block;
  top: 0;
  left: 0;
  position: absolute;
  content: "";
  z-index: 2;
  width: 14px;
  height: 14px;
  border-radius: 50%;
  line-height: 15px;
  text-align: center;
  vertical-align: middle;
  color: white;
}

.c3:hover::before {
  visibility: hidden;
}

.c3:hover::after {
  opacity: 1;
  z-index: 3;
  visibility: visible;
}

.c3::after {
  display: block;
  top: 0;
  bottom: inherit;
  left: 0;
  right: inherit;
  position: absolute;
  visibility: hidden;
  text-align: left;
  z-index: 1;
  margin: -10px 0 0 -10px;
  width: 300px;
  color: #666666;
  font-weight: normal;
  background-color: white;
  padding: 20px;
  opacity: 0;
  margin: 0;
  -webkit-transform: translateZ(0);
  -ms-transform: translateZ(0);
  transform: translateZ(0);
  border: 1px solid #e5e5e5;
  content: "Blue chip galleries have multiple locations internationally and participate in major art fairs.";
}

.c4 {
  position: relative;
}

.c0 {
  font-family: Unica77LLWebMedium,Arial,serif;
  -webkit-font-smoothing: antialiased;
  font-size: 14px;
  line-height: 1.4em;
}

.c1 {
  border-bottom: 1px solid #e5e5e5;
  border-top: 1px solid #e5e5e5;
  padding: 20px;
  text-align: center;
}

.c1 > div {
  display: inline-block;
  padding: 10px 30px;
}

.c5 {
  color: #666666;
  padding: 8px 0;
  font-family: Unica77LLWebRegular,Arial,serif;
  -webkit-font-smoothing: antialiased;
  font-size: 10px;
  line-height: 1.4em;
}

.c5 a {
  font-family: Unica77LLWebRegular,Arial,serif;
  -webkit-font-smoothing: antialiased;
  font-size: 10px;
  line-height: 1.4em;
}

.c2 {
  display: inline-block;
}

<div
  className="c0"
>
  <div
    className="c1"
  >
    <div>
      $63m
       auction record
    </div>
    <div>
      <div>
        Represented by blue chip galleries
         
        <div
          className="c2"
        >
          <div
            className="c3"
          >
            <span
              style={
                Object {
                  "verticalAlign": "text-top",
                }
              }
            >
              <svg
                className="icon__help c4"
                height="17px"
                viewBox="0 0 17 17"
                width="17px"
                xmlns="http://www.w3.org/2000/svg"
              >
                <g
                  fill="none"
                  fillRule="evenodd"
                  transform="translate(1 1)"
                >
                  <circle
                    cx="7.5"
                    cy="7.5"
                    fill="#FFF"
                    r="7.5"
                    stroke="#666"
                  />
                  <path
                    d="M7.92 11.13V9.94H6.73v1.19h1.19zM7.8 9.04v-.18c0-1.74 2.2-2.03 2.2-3.8C10 3.68 8.8 3 7.61 3 6.33 3 5.01 3.82 5 5.47h1.05c0-1.18.76-1.65 1.5-1.65.7 0 1.33.4 1.33 1.25 0 .45-.25.9-.71 1.29-1.13.98-1.32 1.34-1.35 2.48v.2h.98z"
                    fill="#666"
                  />
                </g>
              </svg>
            </span>
          </div>
        </div>
      </div>
    </div>
    <div>
      Collected by major museums
    </div>
  </div>
  <div
    className="c5"
  >
    Generated using partial data. 
    <a
      className="c6"
      href="mailto:productfeedback@artsy.net?subject=Feedback on \\"About the Artist\\" information"
      target="_self"
    >
      Tell us what you think.
    </a>
  </div>
</div>
`;
