// Jest Snapshot v1, https://goo.gl/fbAQLP

exports[`ACB Thank You renders the snapshot 1`] = `
<div
  className="file__Container-mw245f-0 kvlfNZ"
>
  <div
    className="file__Nav-s4x8b4-0 hnMEDI"
  >
    <a
      className="file__NavIcon-s4x8b4-1 UWNZP"
      href={undefined}
    >
      <div
        className="file-s1qxsvco-0 iMAXVz"
        style={undefined}
      >
        
      </div>
    </a>
    <a
      className="file__StyledLink-s1lrjrzq-0 cuFtvy"
      href="/"
    >
      Back To Artsy
    </a>
  </div>
  <div
    className="file__Section-mw245f-1 liqVsf"
  >
    <p
      className="file__Text-s1vkb2x7-0 dBVuGH"
    >
      EARLY ACCESS
    </p>
  </div>
  <div
    className="file__StyledTitle-s3pz4jh-0 izQygJ"
  >
    Artsy Collector Loyalty Program
  </div>
  <div
    className="file__Section-mw245f-1 liqVsf"
  >
    <p
      className="file__Text-s1vkb2x7-0 jZOqwQ"
    >
      Thank you for your interest in the program.
      <br />
      Have questions? Get in touch:  
      <a
        className="file__StyledTextLink-l9d9k6-0 blqQaU"
        href="mailto:loyalty@artsy.net"
      >
        loyalty@artsy.net
      </a>
    </p>
  </div>
  <div
    className="file__ButtonWrapper-mw245f-2 bRbPB"
  >
    <a
      className="file__InvertedButton-glkvqw-0 ferdzZ file__StyledButton-s1b5cz0b-0 gxuurP"
      href="/"
    >
      <span>
        Back to Artsy
      </span>
    </a>
  </div>
</div>
`;
