exports[`Artwork renders correctly 1`] = `
<div
  onClick={[Function]}>
  <div
    className="fmQTpg"
    size={250}>
    <img
      className="eltJDW"
      size={250}
      src="artsy.net/image-url" />
  </div>
  <div
    className="tEGyX">
    <div>
      <div>
        <strong>
          <a
            className="jehOuL"
            href={undefined}>
            Mikael Olson
          </a>
        </strong>
      </div>
      <a
        className="jehOuL"
        href="/artwork/mikael-olson-some-kind-of-dinosaur">
        <em>
          Some Kind of Dinosaur
        </em>
        , 2015
      </a>
      <div>
        <a
          className="jehOuL"
          href={undefined}>
          Gallery 1261
        </a>
      </div>
    </div>
  </div>
</div>
`;
