// Jest Snapshot v1, https://goo.gl/fbAQLP

exports[`MarketInsights renders correctly 1`] = `
.c6 {
  color: #666666;
  text-decoration: underline;
}

.c3 {
  display: inline-block;
  position: relative;
  cursor: help;
  margin: 0 0.5em;
  width: 14px;
  height: 14px;
  margin-bottom: -2px;
}

.c3:before {
  display: block;
  top: 0;
  left: 0;
  position: absolute;
  content: "?";
  z-index: 2;
  width: 14px;
  height: 14px;
  border-radius: 50%;
  line-height: 15px;
  text-align: center;
  vertical-align: middle;
  font-family: sans-serif;
  font-size: 12px;
  font-weight: bold;
  color: white;
  background-color: #999999;
}

.c3:hover:before {
  z-index: 4;
}

.c3:hover:after {
  opacity: 1;
  z-index: 3;
  -webkit-transition: opacity 0.125s;
  transition: opacity 0.125s;
  -webkit-transition-delay: 0.0625s;
  transition-delay: 0.0625s;
  visibility: visible;
}

.c3:after {
  display: block;
  top: 0;
  left: 0;
  position: absolute;
  visibility: hidden;
  text-align: left;
  z-index: 1;
  margin: -10px 0 0 -10px;
  width: 300px;
  color: #cccccc;
  background-color: white;
  padding: 30px;
  opacity: 0;
  line-height: 1.3;
  -webkit-transform: translateZ(0);
  -ms-transform: translateZ(0);
  transform: translateZ(0);
  border: 1px solid #999999;
  content: "Blue chip galleries have multiple locations internationally and participate in major art fairs.";
}

.c4 {
  display: inline-block;
  position: relative;
  cursor: help;
  margin: 0 0.5em;
  width: 14px;
  height: 14px;
  margin-bottom: -2px;
}

.c4:before {
  display: block;
  top: 0;
  left: 0;
  position: absolute;
  content: "?";
  z-index: 2;
  width: 14px;
  height: 14px;
  border-radius: 50%;
  line-height: 15px;
  text-align: center;
  vertical-align: middle;
  font-family: sans-serif;
  font-size: 12px;
  font-weight: bold;
  color: white;
  background-color: #999999;
}

.c4:hover:before {
  z-index: 4;
}

.c4:hover:after {
  opacity: 1;
  z-index: 3;
  -webkit-transition: opacity 0.125s;
  transition: opacity 0.125s;
  -webkit-transition-delay: 0.0625s;
  transition-delay: 0.0625s;
  visibility: visible;
}

.c4:after {
  display: block;
  top: 0;
  left: 0;
  position: absolute;
  visibility: hidden;
  text-align: left;
  z-index: 1;
  margin: -10px 0 0 -10px;
  width: 300px;
  color: #cccccc;
  background-color: white;
  padding: 30px;
  opacity: 0;
  line-height: 1.3;
  -webkit-transform: translateZ(0);
  -ms-transform: translateZ(0);
  transform: translateZ(0);
  border: 1px solid #999999;
  content: "Top established galleries have been industry leaders in their region or specialty for decades.";
}

.c0 {
  font-family: Unica77LLWebMedium , 'Arial', 'serif';
  -webkit-font-smoothing: antialiased;
  font-size: 16px;
  line-height: 1.1em;
}

.c1 {
  font-size: 12px;
}

.c5 {
  color: #666666;
  font-family: Unica77LLWebRegular , 'Arial', 'serif';
  -webkit-font-smoothing: antialiased;
  font-size: 12px;
  line-height: 1.4em;
}

.c2 {
  display: inline-block;
  font-size: 12px;
}

<div
  className="c0"
>
  <div>
    <div>
      $63m
       auction record
      <div
        className="c1"
      >
        Christie's
         
        2017
      </div>
    </div>
    <br />
  </div>
  <div>
    <div>
      <div>
        <div>
          Represented by blue chip galleries
           
          <div
            className="c2"
          >
            <span
              className="c3"
            />
          </div>
          <div
            className="c1"
          >
            Gagosian, Galerie Thaddaeus Ropac, Skarstedt Gallery
          </div>
        </div>
      </div>
      <br />
    </div>
    <div>
      <div>
        <div>
          Represented by top established galleries
           
          <div
            className="c2"
          >
            <span
              className="c4"
            />
          </div>
          <div
            className="c1"
          >
            CARDI GALLERY, Anton Kern Gallery
          </div>
        </div>
      </div>
      <br />
    </div>
  </div>
  <div>
    <div>
      Collected by major museums
      <div
        className="c1"
      >
        Tate, Museum of Modern Art (MoMA)
      </div>
    </div>
    <br />
  </div>
  <div
    className="c5"
  >
    This is a new feature. 
    <a
      className="c6"
      href="mailto:productfeedback@artsy.net?subject=Feedback+on+About+the+Artist+Information"
    >
      Tell us what you think.
    </a>
  </div>
</div>
`;
